{
    "success": true,
    "meta": {
        "version": "1.0.8",
        "query_count": 134,
        "is_user_authenticated": true,
        "authenticated_user_id": 1
    },
    "anime": [
        {
            "id": 1,
            "title": "Awesome Show",
            "type": "",
            "anidb_id": null,
            "anilist_id": null,
            "kitsu_id": null,
            "imdb_id": null,
            "mal_id": null,
            "network": null,
            "status": "",
            "episodes": "0",
            "seasons": "0",
            "average_rating": "2.0",
            "rating_count": "0",
            "synopsis": null,
            "runtime": null,
            "watch_rating": null,
            "tagline": null,
            "video_url": null,
            "poster": null,
            "poster_thumbnail": null,
            "background": null,
            "background_thumbnail": null,
            "nsfw": false,
            "genres": [],
            "first_aired": null,
            "air_time": null,
            "air_day": null,
            "current_user": {
                "given_rating": 3,
                "library_status": "",
                "is_favorite": false
            }
        },
        {
            "id": 2,
            "title": "Be a good person!",
            "type": "",
            "anidb_id": null,
            "anilist_id": null,
            "kitsu_id": null,
            "imdb_id": null,
            "mal_id": null,
            "network": null,
            "status": "",
            "episodes": "0",
            "seasons": "0",
            "average_rating": "4.0",
            "rating_count": "0",
            "synopsis": null,
            "runtime": null,
            "watch_rating": null,
            "tagline": null,
            "video_url": null,
            "poster": null,
            "poster_thumbnail": null,
            "background": null,
            "background_thumbnail": null,
            "nsfw": false,
            "genres": [],
            "first_aired": null,
            "air_time": null,
            "air_day": null,
            "current_user": {
                "given_rating": 1.2,
                "library_status": "",
                "is_favorite": false
            }
        }
    ]
}
