[
    {
        "id": 1,
        "type": "show",
        "href": "\/v1\/anime\/1",
        "attributes": {
            "anidbID": null,
            "anilistID": null,
            "imdbID": null,
            "kitsuID": null,
            "malID": null,
            "notifyID": null,
            "syoboiID": null,
            "traktID": null,
            "tvdbID": null,
            "videoUrl": null,
            "poster": null,
            "banner": null,
            "originalTitle": "Totam repellendus hic quaerat totam alias animi.",
            "title": "Awesome Show",
            "tagline": "Est velit odit dignissimos temporibus quo deleniti.",
            "synopsis": "A very awesome show.",
            "genres": [],
            "tvRating": {
                "name": "k",
                "description": "Sint qui voluptatem eligendi dolores rem et unde."
            },
            "type": {
                "name": "Connor Monahan MD",
                "description": "Consequatur veniam doloribus aut eum."
            },
            "source": {
                "name": "Miss Shanel Williamson",
                "description": "Et et aut omnis totam ipsum."
            },
            "status": {
                "name": "ea fugit",
                "description": "Ab repellendus debitis voluptatem iste dolores ab.",
                "color": "#a3c99b"
            },
            "episodeCount": "0",
            "seasonCount": "0",
            "userRating": {
                "ratingCountList": [],
                "averageRating": "2.5",
                "ratingCount": "0"
            },
            "firstAired": "1972-01-11",
            "lastAired": "1972-06-27",
            "runtime": "11 seconds",
            "runtimeTotal": "11 seconds",
            "airSeason": "Winter",
            "airTime": "19:43",
            "airDay": null,
            "isNSFW": false,
            "copyright": "\u2117 1986 Flatley Ltd",
            "givenRating": 3,
            "libraryStatus": "",
            "isFavorited": false,
            "isReminded": false
        }
    },
    {
        "id": 2,
        "type": "show",
        "href": "\/v1\/anime\/2",
        "attributes": {
            "anidbID": null,
            "anilistID": null,
            "imdbID": null,
            "kitsuID": null,
            "malID": null,
            "notifyID": null,
            "syoboiID": null,
            "traktID": null,
            "tvdbID": null,
            "videoUrl": null,
            "poster": null,
            "banner": null,
            "originalTitle": "Libero voluptatum eos et sint ipsam sunt quibusdam.",
            "title": "Be a good person!",
            "tagline": "Velit cumque inventore in at modi ut eum magni.",
            "synopsis": "A story about being a good person.",
            "genres": [],
            "tvRating": {
                "name": "k",
                "description": "Sint qui voluptatem eligendi dolores rem et unde."
            },
            "type": {
                "name": "Connor Monahan MD",
                "description": "Consequatur veniam doloribus aut eum."
            },
            "source": {
                "name": "Miss Shanel Williamson",
                "description": "Et et aut omnis totam ipsum."
            },
            "status": {
                "name": "ea fugit",
                "description": "Ab repellendus debitis voluptatem iste dolores ab.",
                "color": "#a3c99b"
            },
            "episodeCount": "0",
            "seasonCount": "0",
            "userRating": {
                "ratingCountList": [],
                "averageRating": "4.0",
                "ratingCount": "0"
            },
            "firstAired": "2006-10-12",
            "lastAired": "2006-12-21",
            "runtime": "24 seconds",
            "runtimeTotal": "24 seconds",
            "airSeason": "Winter",
            "airTime": "00:52",
            "airDay": null,
            "isNSFW": true,
            "copyright": "\u2117 1974 Kiehn Ltd",
            "givenRating": 1.2,
            "libraryStatus": "",
            "isFavorited": false,
            "isReminded": false
        }
    }
]
