[
    {
        "id": 2,
        "type": "show",
        "href": "\/api\/v1\/anime\/2",
        "attributes": {
            "anidbID": null,
            "anilistID": null,
            "kitsuID": null,
            "imdbID": null,
            "malID": null,
            "title": "Be a good person!",
            "tagline": null,
            "synopsis": null,
            "type": "",
            "tvRating": "",
            "adaptationSource": "",
            "network": null,
            "producer": null,
            "episodeCount": "0",
            "seasonCount": "0",
            "averageRating": "4.0",
            "ratingCount": "0",
            "videoUrl": null,
            "poster": null,
            "background": null,
            "firstAired": null,
            "lastAired": null,
            "runtime": "0",
            "airStatus": "",
            "airTime": null,
            "airDay": "",
            "isNSFW": false,
            "copyright": null,
            "givenRating": 1.2,
            "libraryStatus": "",
            "isFavorited": false,
            "isReminded": false
        }
    },
    {
        "id": 1,
        "type": "show",
        "href": "\/api\/v1\/anime\/1",
        "attributes": {
            "anidbID": null,
            "anilistID": null,
            "kitsuID": null,
            "imdbID": null,
            "malID": null,
            "title": "Awesome Show",
            "tagline": null,
            "synopsis": null,
            "type": "",
            "tvRating": "",
            "adaptationSource": "",
            "network": null,
            "producer": null,
            "episodeCount": "0",
            "seasonCount": "0",
            "averageRating": "2.5",
            "ratingCount": "0",
            "videoUrl": null,
            "poster": null,
            "background": null,
            "firstAired": null,
            "lastAired": null,
            "runtime": "0",
            "airStatus": "",
            "airTime": null,
            "airDay": "",
            "isNSFW": false,
            "copyright": null,
            "givenRating": 3,
            "libraryStatus": "",
            "isFavorited": false,
            "isReminded": false
        }
    }
]
