[
    {
        "id": 1,
        "type": "show",
        "href": "\/api\/v1\/anime\/1",
        "attributes": {
            "anidbID": null,
            "anilistID": null,
            "kitsuID": null,
            "imdbID": null,
            "malID": null,
            "title": "Awesome Show",
            "tagline": "Qui qui eveniet veritatis iusto et.",
            "synopsis": "Non quam veritatis dolore optio amet sit. Autem tenetur animi et velit libero.",
            "tvRating": {
                "name": "m",
                "description": "vero pariatur possimus"
            },
            "type": {
                "name": "autem",
                "description": "voluptates iusto rerum"
            },
            "source": {
                "name": "provident",
                "description": "sint in ipsam"
            },
            "status": {
                "name": "ut explicabo",
                "description": "hic vero enim"
            },
            "network": null,
            "producer": null,
            "episodeCount": "0",
            "seasonCount": "0",
            "averageRating": "2.5",
            "ratingCount": "0",
            "videoUrl": null,
            "poster": null,
            "background": null,
            "firstAired": "1996-05-06",
            "lastAired": "1996-07-29",
            "runtime": "21",
            "airTime": "22:01",
            "airDay": "",
            "isNSFW": true,
            "copyright": "\u00a9 1988 Weissnat, Miller and Wiza",
            "givenRating": 3,
            "libraryStatus": "",
            "isFavorited": false,
            "isReminded": false
        }
    },
    {
        "id": 2,
        "type": "show",
        "href": "\/api\/v1\/anime\/2",
        "attributes": {
            "anidbID": null,
            "anilistID": null,
            "kitsuID": null,
            "imdbID": null,
            "malID": null,
            "title": "Be a good person!",
            "tagline": "Doloribus tempore et asperiores numquam architecto ut omnis exercitationem.",
            "synopsis": "Harum unde voluptatem voluptatem inventore ut quo. Harum cum similique porro dolor. Quod impedit voluptatum nihil omnis et sed rem. Iste et officia neque alias sint.",
            "tvRating": {
                "name": "m",
                "description": "vero pariatur possimus"
            },
            "type": {
                "name": "autem",
                "description": "voluptates iusto rerum"
            },
            "source": {
                "name": "provident",
                "description": "sint in ipsam"
            },
            "status": {
                "name": "ut explicabo",
                "description": "hic vero enim"
            },
            "network": null,
            "producer": null,
            "episodeCount": "0",
            "seasonCount": "0",
            "averageRating": "4.0",
            "ratingCount": "0",
            "videoUrl": null,
            "poster": null,
            "background": null,
            "firstAired": "1978-03-05",
            "lastAired": "1978-05-14",
            "runtime": "21",
            "airTime": "17:41",
            "airDay": "",
            "isNSFW": true,
            "copyright": "\u2117 2015 Jacobson LLC",
            "givenRating": 1.2,
            "libraryStatus": "",
            "isFavorited": false,
            "isReminded": false
        }
    }
]
