[
    {
        "id": 2,
        "type": "show",
        "href": "\/v1\/anime\/2",
        "attributes": {
            "anidbID": null,
            "anilistID": null,
            "kitsuID": null,
            "imdbID": null,
            "malID": null,
            "title": "Be a good person!",
            "tagline": "Maxime rerum soluta quo distinctio.",
            "synopsis": "A story about being a good person.",
            "genres": [],
            "tvRating": {
                "name": "e",
                "description": "Qui optio laborum soluta distinctio dolore est."
            },
            "type": {
                "name": "Ellie Mohr DVM",
                "description": "Non magni quod provident quo sit praesentium."
            },
            "source": {
                "name": "Gabe Ondricka",
                "description": "Quaerat quam est rerum."
            },
            "status": {
                "name": "neque et",
                "description": "Repellendus est molestias laborum sit quia commodi perspiciatis."
            },
            "episodeCount": "0",
            "seasonCount": "0",
            "averageRating": "4.0",
            "ratingCount": "0",
            "videoUrl": null,
            "poster": null,
            "background": null,
            "firstAired": "2015-11-11",
            "lastAired": "2016-01-20",
            "runtime": "12",
            "airTime": "08:25 UTC",
            "airDay": null,
            "isNSFW": true,
            "copyright": "\u00ae 2005 Veum, Jenkins and Herman",
            "givenRating": 1.2,
            "libraryStatus": "",
            "isFavorited": false,
            "isReminded": false
        }
    },
    {
        "id": 1,
        "type": "show",
        "href": "\/v1\/anime\/1",
        "attributes": {
            "anidbID": null,
            "anilistID": null,
            "kitsuID": null,
            "imdbID": null,
            "malID": null,
            "title": "Awesome Show",
            "tagline": "Quis a molestias ea natus distinctio.",
            "synopsis": "A very awesome show.",
            "genres": [],
            "tvRating": {
                "name": "e",
                "description": "Qui optio laborum soluta distinctio dolore est."
            },
            "type": {
                "name": "Ellie Mohr DVM",
                "description": "Non magni quod provident quo sit praesentium."
            },
            "source": {
                "name": "Gabe Ondricka",
                "description": "Quaerat quam est rerum."
            },
            "status": {
                "name": "neque et",
                "description": "Repellendus est molestias laborum sit quia commodi perspiciatis."
            },
            "episodeCount": "0",
            "seasonCount": "0",
            "averageRating": "2.5",
            "ratingCount": "0",
            "videoUrl": null,
            "poster": null,
            "background": null,
            "firstAired": "1971-09-04",
            "lastAired": "1971-11-13",
            "runtime": "12",
            "airTime": "23:18 UTC",
            "airDay": null,
            "isNSFW": false,
            "copyright": "\u00a9 2008 Fisher and Sons",
            "givenRating": 3,
            "libraryStatus": "",
            "isFavorited": false,
            "isReminded": false
        }
    }
]
