[
    {
        "id": 2,
        "type": "show",
        "href": "\/api\/v1\/anime\/2",
        "attributes": {
            "anidbID": null,
            "anilistID": null,
            "kitsuID": null,
            "imdbID": null,
            "malID": null,
            "title": "Be a good person!",
            "tagline": "Reprehenderit quos porro neque repellendus tempora corporis aperiam.",
            "synopsis": "Eos iusto ad qui commodi omnis doloremque maxime. Consequatur consectetur non assumenda exercitationem quia. Deleniti itaque qui saepe et. Quia inventore amet voluptas vel incidunt temporibus beatae eveniet.",
            "tvRating": {
                "name": "o",
                "description": "eveniet eligendi esse"
            },
            "type": {
                "name": "ullam",
                "description": "et tenetur velit"
            },
            "source": {
                "name": "facere",
                "description": "distinctio dicta possimus"
            },
            "status": {
                "name": "accusantium voluptatem",
                "description": "nobis alias id"
            },
            "network": null,
            "producer": null,
            "episodeCount": "0",
            "seasonCount": "0",
            "averageRating": "4.0",
            "ratingCount": "0",
            "videoUrl": null,
            "poster": null,
            "background": null,
            "firstAired": "2017-11-02",
            "lastAired": "2018-04-19",
            "runtime": "13",
            "airTime": "21:30",
            "airDay": "",
            "isNSFW": true,
            "copyright": "\u2117 1994 Williamson-Boehm",
            "givenRating": 1.2,
            "libraryStatus": "",
            "isFavorited": false,
            "isReminded": false
        }
    },
    {
        "id": 1,
        "type": "show",
        "href": "\/api\/v1\/anime\/1",
        "attributes": {
            "anidbID": null,
            "anilistID": null,
            "kitsuID": null,
            "imdbID": null,
            "malID": null,
            "title": "Awesome Show",
            "tagline": "Nihil ut non aut voluptas ut ipsum iure.",
            "synopsis": "Vel aut explicabo placeat. Saepe aliquid est exercitationem deleniti. Doloremque a qui blanditiis est.",
            "tvRating": {
                "name": "o",
                "description": "eveniet eligendi esse"
            },
            "type": {
                "name": "qui",
                "description": "ut necessitatibus qui"
            },
            "source": {
                "name": "facere",
                "description": "distinctio dicta possimus"
            },
            "status": {
                "name": "accusantium voluptatem",
                "description": "nobis alias id"
            },
            "network": null,
            "producer": null,
            "episodeCount": "0",
            "seasonCount": "0",
            "averageRating": "2.5",
            "ratingCount": "0",
            "videoUrl": null,
            "poster": null,
            "background": null,
            "firstAired": "1983-10-05",
            "lastAired": "1983-12-14",
            "runtime": "17",
            "airTime": "21:50",
            "airDay": "",
            "isNSFW": true,
            "copyright": "\u00ae 2005 Jaskolski, Williamson and West",
            "givenRating": 3,
            "libraryStatus": "",
            "isFavorited": false,
            "isReminded": false
        }
    }
]
