{
    "success": true,
    "meta": {
        "version": "1.0.8",
        "query_count": 191,
        "is_user_authenticated": true,
        "authenticated_user_id": 1
    },
    "data": [
        {
            "id": 2,
            "type": "show",
            "href": "\/api\/v1\/anime\/2",
            "attributes": {
                "title": "Be a good person!",
                "type": "",
                "source": "",
                "anidb_id": null,
                "anilist_id": null,
                "kitsu_id": null,
                "imdb_id": null,
                "mal_id": null,
                "network": null,
                "studio": [],
                "status": "",
                "episodes": "0",
                "seasons": "0",
                "average_rating": "4.0",
                "rating_count": "0",
                "synopsis": null,
                "runtime": null,
                "watch_rating": "TV-Y",
                "tagline": null,
                "video_url": null,
                "poster": null,
                "background": null,
                "nsfw": false,
                "genres": [],
                "first_aired": null,
                "last_aired": null,
                "air_time": null,
                "air_day": null,
                "copyright": null
            },
            "current_user": {
                "given_rating": 1.2,
                "library_status": "",
                "is_favorite": false
            }
        },
        {
            "id": 1,
            "type": "show",
            "href": "\/api\/v1\/anime\/1",
            "attributes": {
                "title": "Awesome Show",
                "type": "",
                "source": "",
                "anidb_id": null,
                "anilist_id": null,
                "kitsu_id": null,
                "imdb_id": null,
                "mal_id": null,
                "network": null,
                "studio": [],
                "status": "",
                "episodes": "0",
                "seasons": "0",
                "average_rating": "2.0",
                "rating_count": "0",
                "synopsis": null,
                "runtime": null,
                "watch_rating": "TV-Y",
                "tagline": null,
                "video_url": null,
                "poster": null,
                "background": null,
                "nsfw": false,
                "genres": [],
                "first_aired": null,
                "last_aired": null,
                "air_time": null,
                "air_day": null,
                "copyright": null
            },
            "current_user": {
                "given_rating": 3,
                "library_status": "",
                "is_favorite": false
            }
        }
    ]
}
