[
    {
        "id": 1,
        "type": "show",
        "href": "\/api\/v1\/anime\/1",
        "attributes": {
            "anidbID": null,
            "anilistID": null,
            "kitsuID": null,
            "imdbID": null,
            "malID": null,
            "title": "Awesome Show",
            "tagline": "Quia adipisci ipsa eaque reprehenderit.",
            "synopsis": "Et sed et voluptate consequatur ea repellat qui. Odio odio qui aut quia expedita est perspiciatis. Odit magnam minus quia vitae voluptatem voluptatum rerum consequatur. Optio accusantium velit provident et non.",
            "tvRating": {
                "name": "e",
                "description": "quas sequi ut"
            },
            "type": {
                "name": "aut",
                "description": "at modi et"
            },
            "source": {
                "name": "aliquid",
                "description": "excepturi quibusdam ad"
            },
            "status": {
                "name": "possimus harum",
                "description": "in laborum placeat"
            },
            "network": null,
            "producer": null,
            "episodeCount": "0",
            "seasonCount": "0",
            "averageRating": "2.5",
            "ratingCount": "0",
            "videoUrl": null,
            "poster": null,
            "background": null,
            "firstAired": "2006-04-02",
            "lastAired": "2006-09-17",
            "runtime": "21",
            "airTime": "04:17",
            "airDay": "",
            "isNSFW": true,
            "copyright": "\u2117 1987 Pollich, Wolff and Herman",
            "givenRating": 3,
            "libraryStatus": "",
            "isFavorited": false,
            "isReminded": false
        }
    },
    {
        "id": 2,
        "type": "show",
        "href": "\/api\/v1\/anime\/2",
        "attributes": {
            "anidbID": null,
            "anilistID": null,
            "kitsuID": null,
            "imdbID": null,
            "malID": null,
            "title": "Be a good person!",
            "tagline": "Eos provident enim aut voluptates.",
            "synopsis": "Nam laboriosam nostrum vel dolorum non quae. Et expedita saepe qui quia. Voluptate quam provident excepturi aut. Fugit dolor molestiae eos esse aperiam.",
            "tvRating": {
                "name": "e",
                "description": "quas sequi ut"
            },
            "type": {
                "name": "aut",
                "description": "at modi et"
            },
            "source": {
                "name": "aliquid",
                "description": "excepturi quibusdam ad"
            },
            "status": {
                "name": "possimus harum",
                "description": "in laborum placeat"
            },
            "network": null,
            "producer": null,
            "episodeCount": "0",
            "seasonCount": "0",
            "averageRating": "4.0",
            "ratingCount": "0",
            "videoUrl": null,
            "poster": null,
            "background": null,
            "firstAired": "1975-06-23",
            "lastAired": "1975-12-08",
            "runtime": "10",
            "airTime": "17:54",
            "airDay": "",
            "isNSFW": true,
            "copyright": "\u00a9 1975 Goldner-Boyle",
            "givenRating": 1.2,
            "libraryStatus": "",
            "isFavorited": false,
            "isReminded": false
        }
    }
]
