[
    {
        "id": 1,
        "type": "show",
        "href": "\/v1\/anime\/1",
        "attributes": {
            "anidbID": null,
            "anilistID": null,
            "imdbID": null,
            "kitsuID": null,
            "malID": null,
            "notifyID": null,
            "syoboiID": null,
            "traktID": null,
            "tvdbID": null,
            "slug": "quo-repellat-voluptatibus-rem-dolores",
            "videoUrl": null,
            "poster": null,
            "banner": null,
            "originalTitle": "Quo repellat voluptatibus rem dolores.",
            "title": "Awesome Show",
            "synonymTitles": [
                "At repellat eum et dolores consequuntur voluptas pariatur enim.",
                "Omnis tempore qui voluptatibus cum.",
                "Eum rem sint deleniti aut illo blanditiis."
            ],
            "tagline": "Qui vel reprehenderit et repudiandae.",
            "synopsis": "A very awesome show.",
            "genres": [],
            "languages": [],
            "tvRating": {
                "name": "i",
                "description": "Est occaecati modi rerum officia consequatur qui tenetur."
            },
            "type": {
                "name": "Prof. Osvaldo Mertz PhD",
                "description": "Odit et adipisci totam veritatis soluta vel."
            },
            "source": {
                "name": "Cathy Hane DDS",
                "description": "Ipsam blanditiis et pariatur amet eos."
            },
            "status": {
                "name": "animi ex",
                "description": "Voluptate deleniti iure aperiam fugiat placeat.",
                "color": "#8f2e95"
            },
            "episodeCount": "0",
            "seasonCount": "0",
            "stats": null,
            "firstAired": 150076800,
            "lastAired": 164592000,
            "duration": "19 seconds",
            "durationTotal": "19 seconds",
            "airSeason": "Winter",
            "airTime": "11:05",
            "airDay": null,
            "isNSFW": true,
            "copyright": "\u2117 2013 Sporer LLC",
            "givenRating": 3,
            "libraryStatus": "",
            "isFavorited": false,
            "isReminded": false
        }
    },
    {
        "id": 2,
        "type": "show",
        "href": "\/v1\/anime\/2",
        "attributes": {
            "anidbID": null,
            "anilistID": null,
            "imdbID": null,
            "kitsuID": null,
            "malID": null,
            "notifyID": null,
            "syoboiID": null,
            "traktID": null,
            "tvdbID": null,
            "slug": "corrupti-neque-dolor-quo-iure-exercitationem-perferendis-error",
            "videoUrl": null,
            "poster": null,
            "banner": null,
            "originalTitle": "Corrupti neque dolor quo iure exercitationem perferendis error.",
            "title": "Be a good person!",
            "synonymTitles": [
                "Sed autem error quia rerum.",
                "Et voluptas commodi debitis sunt minus necessitatibus tenetur et.",
                "Earum est pariatur eligendi consectetur voluptatem quaerat eos."
            ],
            "tagline": "Dolores est expedita ut ad.",
            "synopsis": "A story about being a good person.",
            "genres": [],
            "languages": [],
            "tvRating": {
                "name": "i",
                "description": "Est occaecati modi rerum officia consequatur qui tenetur."
            },
            "type": {
                "name": "Prof. Osvaldo Mertz PhD",
                "description": "Odit et adipisci totam veritatis soluta vel."
            },
            "source": {
                "name": "Cathy Hane DDS",
                "description": "Ipsam blanditiis et pariatur amet eos."
            },
            "status": {
                "name": "animi ex",
                "description": "Voluptate deleniti iure aperiam fugiat placeat.",
                "color": "#8f2e95"
            },
            "episodeCount": "0",
            "seasonCount": "0",
            "stats": null,
            "firstAired": 104112000,
            "lastAired": 118627200,
            "duration": "19 seconds",
            "durationTotal": "19 seconds",
            "airSeason": "Winter",
            "airTime": "06:15",
            "airDay": null,
            "isNSFW": true,
            "copyright": "\u00ae 1974 Roob and Sons",
            "givenRating": 1.2,
            "libraryStatus": "",
            "isFavorited": false,
            "isReminded": false
        }
    },
    {
        "id": 2,
        "type": "show",
        "href": "\/v1\/anime\/2",
        "attributes": {
            "anidbID": null,
            "anilistID": null,
            "imdbID": null,
            "kitsuID": null,
            "malID": null,
            "notifyID": null,
            "syoboiID": null,
            "traktID": null,
            "tvdbID": null,
            "slug": "corrupti-neque-dolor-quo-iure-exercitationem-perferendis-error",
            "videoUrl": null,
            "poster": null,
            "banner": null,
            "originalTitle": "Corrupti neque dolor quo iure exercitationem perferendis error.",
            "title": "Be a good person!",
            "synonymTitles": [
                "Sed autem error quia rerum.",
                "Et voluptas commodi debitis sunt minus necessitatibus tenetur et.",
                "Earum est pariatur eligendi consectetur voluptatem quaerat eos."
            ],
            "tagline": "Dolores est expedita ut ad.",
            "synopsis": "A story about being a good person.",
            "genres": [],
            "languages": [],
            "tvRating": {
                "name": "i",
                "description": "Est occaecati modi rerum officia consequatur qui tenetur."
            },
            "type": {
                "name": "Prof. Osvaldo Mertz PhD",
                "description": "Odit et adipisci totam veritatis soluta vel."
            },
            "source": {
                "name": "Cathy Hane DDS",
                "description": "Ipsam blanditiis et pariatur amet eos."
            },
            "status": {
                "name": "animi ex",
                "description": "Voluptate deleniti iure aperiam fugiat placeat.",
                "color": "#8f2e95"
            },
            "episodeCount": "0",
            "seasonCount": "0",
            "stats": null,
            "firstAired": 104112000,
            "lastAired": 118627200,
            "duration": "19 seconds",
            "durationTotal": "19 seconds",
            "airSeason": "Winter",
            "airTime": "06:15",
            "airDay": null,
            "isNSFW": true,
            "copyright": "\u00ae 1974 Roob and Sons",
            "givenRating": 1.2,
            "libraryStatus": "",
            "isFavorited": false,
            "isReminded": false
        }
    },
    {
        "id": 1,
        "type": "show",
        "href": "\/v1\/anime\/1",
        "attributes": {
            "anidbID": null,
            "anilistID": null,
            "imdbID": null,
            "kitsuID": null,
            "malID": null,
            "notifyID": null,
            "syoboiID": null,
            "traktID": null,
            "tvdbID": null,
            "slug": "quo-repellat-voluptatibus-rem-dolores",
            "videoUrl": null,
            "poster": null,
            "banner": null,
            "originalTitle": "Quo repellat voluptatibus rem dolores.",
            "title": "Awesome Show",
            "synonymTitles": [
                "At repellat eum et dolores consequuntur voluptas pariatur enim.",
                "Omnis tempore qui voluptatibus cum.",
                "Eum rem sint deleniti aut illo blanditiis."
            ],
            "tagline": "Qui vel reprehenderit et repudiandae.",
            "synopsis": "A very awesome show.",
            "genres": [],
            "languages": [],
            "tvRating": {
                "name": "i",
                "description": "Est occaecati modi rerum officia consequatur qui tenetur."
            },
            "type": {
                "name": "Prof. Osvaldo Mertz PhD",
                "description": "Odit et adipisci totam veritatis soluta vel."
            },
            "source": {
                "name": "Cathy Hane DDS",
                "description": "Ipsam blanditiis et pariatur amet eos."
            },
            "status": {
                "name": "animi ex",
                "description": "Voluptate deleniti iure aperiam fugiat placeat.",
                "color": "#8f2e95"
            },
            "episodeCount": "0",
            "seasonCount": "0",
            "stats": null,
            "firstAired": 150076800,
            "lastAired": 164592000,
            "duration": "19 seconds",
            "durationTotal": "19 seconds",
            "airSeason": "Winter",
            "airTime": "11:05",
            "airDay": null,
            "isNSFW": true,
            "copyright": "\u2117 2013 Sporer LLC",
            "givenRating": 3,
            "libraryStatus": "",
            "isFavorited": false,
            "isReminded": false
        }
    }
]
